Starting job 15651643 on c5-60 on saga at Sat Aug 2 11:46:59 CEST 2025


RevBayes version (1.1.1)
Build from  () on Fri May  5 01:48:14 PM CEST 2023

Visit the website www.RevBayes.com for more information about RevBayes.

RevBayes is free software released under the GPL license, version 3. Type 'license()' for details.

To quit RevBayes type 'quit()' or 'q()'.


> source("scripts/mcmc_unrooted_morph_rhinos.Rev")
   Processing file "scripts/mcmc_unrooted_morph_rhinos.Rev"
   Successfully read one character matrix from file 'data/character_matrix_RB_rhinos.nex'
   Processing file "scripts/model_unrooted_rhinos.Rev"
   Processing of file "scripts/model_unrooted_rhinos.Rev" completed
   Processing file "scripts/model_Morph_rhinos.Rev"
   NOTE: setNumStatesPartition() partitions by the maximum observed state, not the total number of observed states.
   NOTE: setNumStatesPartition() partitions by the maximum observed state, not the total number of observed states.
   NOTE: setNumStatesPartition() partitions by the maximum observed state, not the total number of observed states.
   Processing of file "scripts/model_Morph_rhinos.Rev" completed

   Running MCMC simulation
   This simulation runs 1 independent replicate.
   The simulator uses 4 different moves in a random move schedule with 537.5 moves per iteration

Iter        |      Posterior   |     Likelihood   |          Prior   |    elapsed   |        ETA   |
----------------------------------------------------------------------------------------------------
0           |       -9958.96   |       -9880.11   |       -78.8563   |   00:00:01   |   --:--:--   |
100         |       -7533.57   |          -7432   |       -101.577   |   00:02:05   |   --:--:--   |
200         |       -7528.27   |       -7437.07   |       -91.2024   |   00:04:15   |   17:38:15   |
300         |       -7535.83   |       -7442.36   |       -93.4683   |   00:06:24   |   17:40:16   |
400         |       -7528.69   |       -7435.51   |       -93.1722   |   00:08:35   |   17:44:20   |
500         |       -7537.17   |       -7445.81   |       -91.3689   |   00:10:43   |   17:40:57   |
600         |       -7521.81   |       -7433.05   |       -88.7578   |   00:12:28   |   17:06:25   |
700         |       -7535.92   |       -7443.61   |       -92.3158   |   00:14:13   |   16:41:15   |
800         |       -7537.24   |       -7445.12   |       -92.1123   |   00:16:01   |   16:25:01   |
900         |       -7544.83   |       -7453.33   |       -91.4965   |   00:17:53   |   16:15:38   |
1000        |       -7526.87   |       -7437.86   |       -89.0146   |   00:19:42   |   16:05:18   |
1100        |       -7529.07   |       -7430.23   |       -98.8389   |   00:21:35   |   15:59:28   |
1200        |       -7539.73   |       -7449.08   |       -90.6455   |   00:23:41   |   16:03:07   |
1300        |       -7532.37   |        -7437.3   |       -95.0685   |   00:25:35   |   15:58:23   |
1400        |       -7543.52   |       -7447.82   |       -95.6952   |   00:27:30   |   15:54:38   |
1500        |       -7542.32   |       -7441.12   |       -101.202   |   00:29:28   |   15:52:45   |
1600        |       -7536.06   |       -7441.17   |       -94.8852   |   00:31:20   |   15:47:50   |
1700        |       -7540.57   |        -7452.8   |       -87.7653   |   00:33:16   |   15:45:09   |
1800        |       -7527.86   |       -7438.85   |       -89.0083   |   00:35:12   |   15:42:34   |
1900        |       -7537.47   |       -7448.51   |       -88.9644   |   00:37:15   |   15:43:00   |


Iter        |      Posterior   |     Likelihood   |          Prior   |    elapsed   |        ETA   |
----------------------------------------------------------------------------------------------------
2000        |       -7529.35   |       -7431.32   |       -98.0294   |   00:39:25   |   15:46:00   |
2100        |       -7528.05   |       -7439.77   |       -88.2846   |   00:41:48   |   15:53:26   |
2200        |       -7530.35   |       -7427.12   |       -103.237   |   00:44:03   |   15:57:05   |
2300        |       -7548.51   |       -7455.08   |       -93.4305   |   00:46:17   |   15:59:52   |
2400        |       -7523.64   |       -7434.43   |        -89.207   |   00:48:30   |   16:01:55   |
2500        |       -7551.54   |       -7460.14   |       -91.3963   |   00:50:46   |   16:04:34   |
2600        |       -7539.06   |       -7445.14   |       -93.9296   |   00:53:06   |   16:08:03   |
2700        |       -7557.57   |       -7455.95   |       -101.628   |   00:55:31   |   16:12:34   |
2800        |       -7545.43   |        -7456.3   |       -89.1227   |   00:58:29   |   16:25:51   |
2900        |       -7546.11   |       -7439.83   |        -106.28   |   01:01:29   |   16:38:34   |
3000        |       -7541.01   |       -7445.29   |        -95.726   |   01:04:28   |   16:49:58   |
3100        |        -7542.7   |       -7445.66   |       -97.0411   |   01:06:56   |   16:52:38   |
3200        |       -7535.59   |       -7449.86   |       -85.7311   |   01:09:27   |   16:55:42   |
3300        |       -7543.24   |       -7441.05   |        -102.19   |   01:11:44   |   16:55:08   |
3400        |       -7544.98   |       -7456.91   |       -88.0693   |   01:14:05   |   16:55:22   |
3500        |       -7549.03   |       -7444.72   |       -104.303   |   01:15:59   |   16:49:29   |
3600        |       -7545.22   |       -7445.11   |       -100.112   |   01:18:01   |   16:45:32   |
3700        |       -7556.48   |        -7452.1   |       -104.384   |   01:20:06   |   16:42:19   |
3800        |       -7536.94   |       -7450.67   |       -86.2774   |   01:22:20   |   16:41:00   |
3900        |       -7540.05   |       -7445.61   |       -94.4463   |   01:24:28   |   16:38:26   |


Iter        |      Posterior   |     Likelihood   |          Prior   |    elapsed   |        ETA   |
----------------------------------------------------------------------------------------------------
4000        |       -7523.14   |       -7432.01   |       -91.1266   |   01:26:49   |   16:38:23   |
4100        |       -7545.56   |       -7454.06   |        -91.499   |   01:28:54   |   16:35:14   |
4200        |       -7522.88   |       -7430.07   |       -92.8154   |   01:30:48   |   16:30:09   |
4300        |       -7533.14   |       -7434.98   |       -98.1526   |   01:32:43   |   16:25:23   |
4400        |       -7522.78   |       -7423.37   |       -99.4121   |   01:34:37   |   16:20:34   |
4500        |       -7525.19   |       -7430.18   |        -95.014   |   01:36:41   |   16:17:34   |
4600        |       -7536.25   |       -7438.16   |       -98.0872   |   01:38:58   |   16:16:45   |
4700        |       -7515.34   |       -7427.55   |       -87.7937   |   01:40:54   |   16:12:30   |
4800        |       -7537.56   |       -7439.03   |       -98.5246   |   01:42:49   |   16:08:11   |
4900        |       -7547.68   |       -7465.44   |       -82.2393   |   01:44:54   |   16:05:30   |
5000        |       -7540.98   |       -7445.45   |       -95.5344   |   01:47:09   |   16:04:21   |
5100        |       -7538.86   |       -7441.46   |       -97.3945   |   01:49:37   |   16:05:03   |
5200        |       -7554.29   |       -7462.03   |       -92.2613   |   01:52:14   |   16:06:56   |
5300        |       -7524.48   |       -7427.06   |       -97.4192   |   01:54:52   |   16:08:46   |
5400        |       -7528.54   |       -7438.64   |        -89.892   |   01:57:22   |   16:09:21   |
5500        |       -7527.81   |       -7434.36   |       -93.4518   |   01:59:57   |   16:10:30   |
5600        |       -7524.89   |        -7436.2   |       -88.6871   |   02:02:16   |   16:09:24   |
5700        |       -7514.31   |       -7420.72   |       -93.5855   |   02:04:15   |   16:05:39   |
5800        |       -7542.01   |       -7451.72   |       -90.2888   |   02:06:12   |   16:01:43   |
5900        |       -7526.48   |       -7432.02   |       -94.4686   |   02:08:40   |   16:01:43   |


Iter        |      Posterior   |     Likelihood   |          Prior   |    elapsed   |        ETA   |
----------------------------------------------------------------------------------------------------
6000        |       -7538.16   |       -7449.39   |       -88.7746   |   02:10:30   |   15:57:00   |
6100        |       -7521.35   |       -7433.06   |       -88.2921   |   02:12:39   |   15:54:38   |
6200        |       -7531.22   |       -7448.07   |       -83.1538   |   02:15:03   |   15:54:03   |
6300        |       -7528.97   |       -7440.26   |       -88.7092   |   02:17:28   |   15:53:32   |
6400        |       -7559.97   |       -7457.06   |       -102.906   |   02:19:15   |   15:48:38   |
6500        |       -7544.27   |       -7448.37   |       -95.8989   |   02:21:11   |   15:44:50   |
6600        |       -7523.47   |       -7434.64   |       -88.8303   |   02:23:16   |   15:42:05   |
6700        |       -7534.51   |       -7437.44   |       -97.0706   |   02:25:12   |   15:38:22   |
6800        |       -7524.69   |       -7442.63   |       -82.0558   |   02:27:26   |   15:36:38   |
6900        |       -7531.84   |        -7441.2   |        -90.645   |   02:29:20   |   15:32:47   |
7000        |        -7542.5   |       -7449.23   |       -93.2697   |   02:31:05   |   15:28:04   |
7100        |       -7548.36   |       -7453.94   |       -94.4199   |   02:33:20   |   15:26:28   |
7200        |       -7538.98   |       -7441.08   |       -97.8978   |   02:35:04   |   15:21:47   |
7300        |       -7539.74   |       -7443.55   |       -96.1906   |   02:37:11   |   15:19:24   |
7400        |       -7544.15   |       -7453.73   |       -90.4187   |   02:39:44   |   15:19:32   |
7500        |       -7519.56   |       -7437.69   |       -81.8731   |   02:42:06   |   15:18:34   |
7600        |       -7544.34   |       -7452.89   |       -91.4504   |   02:44:15   |   15:16:20   |
7700        |       -7544.74   |       -7447.96   |       -96.7843   |   02:46:21   |   15:13:50   |
7800        |       -7550.23   |       -7451.46   |       -98.7692   |   02:48:29   |   15:11:32   |
7900        |       -7541.95   |       -7445.65   |       -96.3014   |   02:50:47   |   15:10:07   |


Iter        |      Posterior   |     Likelihood   |          Prior   |    elapsed   |        ETA   |
----------------------------------------------------------------------------------------------------
8000        |       -7543.01   |        -7442.6   |        -100.41   |   02:52:54   |   15:07:43   |
8100        |       -7539.72   |        -7440.8   |       -98.9112   |   02:55:11   |   15:06:11   |
8200        |       -7546.47   |       -7456.83   |       -89.6389   |   02:57:32   |   15:04:59   |
8300        |        -7552.7   |       -7467.61   |       -85.0936   |   02:59:18   |   15:00:49   |
8400        |       -7530.99   |       -7445.67   |        -85.328   |   03:01:06   |   14:56:52   |
8500        |        -7558.2   |       -7460.28   |       -97.9172   |   03:03:02   |   14:53:37   |
8600        |       -7532.24   |       -7433.28   |       -98.9576   |   03:05:18   |   14:52:01   |
8700        |       -7540.96   |       -7447.04   |       -93.9224   |   03:07:26   |   14:49:46   |
8800        |       -7533.99   |       -7437.13   |       -96.8628   |   03:09:29   |   14:47:07   |
8900        |       -7537.88   |       -7451.83   |        -86.052   |   03:11:18   |   14:43:25   |
9000        |       -7558.34   |       -7444.12   |       -114.217   |   03:13:20   |   14:40:44   |
9100        |       -7537.72   |       -7441.41   |       -96.3045   |   03:15:20   |   14:37:55   |
9200        |       -7529.87   |       -7437.84   |        -92.028   |   03:17:26   |   14:35:34   |
9300        |       -7565.67   |        -7461.4   |       -104.261   |   03:19:41   |   14:33:52   |
9400        |       -7541.82   |       -7444.56   |       -97.2612   |   03:21:57   |   14:32:15   |
9500        |       -7551.78   |        -7449.2   |       -102.581   |   03:24:08   |   14:30:15   |
9600        |       -7520.56   |       -7427.45   |       -93.1114   |   03:26:05   |   14:27:16   |
9700        |       -7548.36   |        -7450.6   |       -97.7554   |   03:28:20   |   14:25:32   |
9800        |       -7531.11   |       -7440.37   |       -90.7446   |   03:30:42   |   14:24:18   |
9900        |       -7526.38   |       -7447.19   |       -79.1887   |   03:33:05   |   14:23:05   |


Iter        |      Posterior   |     Likelihood   |          Prior   |    elapsed   |        ETA   |
----------------------------------------------------------------------------------------------------
10000       |       -7554.44   |        -7460.6   |       -93.8447   |   03:35:32   |   14:22:08   |
10100       |       -7542.59   |        -7443.3   |       -99.2896   |   03:37:58   |   14:21:04   |
10200       |       -7529.92   |        -7437.3   |       -92.6133   |   03:40:20   |   14:19:43   |
10300       |       -7519.22   |       -7426.74   |       -92.4758   |   03:42:43   |   14:18:25   |
10400       |       -7527.49   |       -7439.72   |       -87.7727   |   03:45:04   |   14:16:59   |
10500       |       -7513.96   |       -7427.92   |        -86.044   |   03:47:21   |   14:15:16   |
10600       |       -7531.33   |       -7433.81   |       -97.5211   |   03:49:43   |   14:13:51   |
10700       |       -7554.76   |       -7455.31   |        -99.451   |   03:52:05   |   14:12:25   |
10800       |       -7538.95   |       -7446.57   |       -92.3801   |   03:54:14   |   14:10:10   |
10900       |       -7530.65   |       -7446.96   |       -83.6871   |   03:56:40   |   14:08:57   |
11000       |       -7543.47   |       -7446.23   |       -97.2422   |   03:59:06   |   14:07:43   |
11100       |       -7518.21   |       -7431.37   |       -86.8362   |   04:01:35   |   14:06:37   |
11200       |       -7529.43   |       -7433.59   |       -95.8454   |   04:03:53   |   14:04:52   |
11300       |       -7527.23   |       -7439.83   |       -87.4001   |   04:06:24   |   14:03:51   |
11400       |          -7534   |       -7440.27   |        -93.733   |   04:08:59   |   14:03:02   |
11500       |       -7539.53   |       -7449.68   |       -89.8464   |   04:11:35   |   14:02:15   |
11600       |       -7540.27   |       -7452.77   |        -87.504   |   04:14:12   |   14:01:29   |
11700       |       -7539.47   |       -7452.71   |       -86.7637   |   04:16:48   |   14:00:38   |
11800       |       -7544.24   |       -7451.57   |       -92.6682   |   04:19:25   |   13:59:48   |
11900       |       -7523.89   |       -7439.61   |       -84.2769   |   04:22:02   |   13:58:56   |


Iter        |      Posterior   |     Likelihood   |          Prior   |    elapsed   |        ETA   |
----------------------------------------------------------------------------------------------------
12000       |       -7541.26   |        -7444.3   |       -96.9576   |   04:24:40   |   13:58:06   |
12100       |       -7522.58   |       -7434.78   |        -87.797   |   04:27:10   |   13:56:49   |
12200       |       -7528.23   |       -7442.51   |       -85.7233   |   04:29:41   |   13:55:34   |
12300       |       -7531.62   |       -7440.99   |       -90.6354   |   04:32:13   |   13:54:21   |
12400       |       -7532.84   |       -7437.85   |       -94.9879   |   04:34:45   |   13:53:06   |
12500       |       -7546.45   |       -7455.32   |       -91.1289   |   04:37:15   |   13:51:45   |
12600       |       -7518.44   |       -7435.37   |       -83.0664   |   04:39:54   |   13:50:48   |
12700       |       -7548.77   |       -7450.97   |       -97.7987   |   04:42:25   |   13:49:27   |
12800       |       -7538.98   |       -7451.11   |       -87.8728   |   04:44:58   |   13:48:11   |
12900       |       -7553.59   |       -7459.16   |       -94.4358   |   04:47:25   |   13:46:36   |
13000       |        -7537.8   |       -7432.61   |       -105.194   |   04:49:09   |   13:42:57   |
13100       |       -7520.44   |       -7431.77   |       -88.6724   |   04:50:57   |   13:39:32   |
13200       |       -7525.43   |       -7435.72   |       -89.7128   |   04:53:15   |   13:37:32   |
13300       |       -7536.69   |        -7444.1   |       -92.5939   |   04:55:33   |   13:35:32   |
13400       |       -7552.15   |       -7450.69   |       -101.461   |   04:57:25   |   13:32:20   |
13500       |       -7527.76   |       -7440.42   |       -87.3442   |   04:59:39   |   13:30:09   |
13600       |       -7552.42   |       -7466.07   |       -86.3502   |   05:01:25   |   13:26:43   |
13700       |       -7539.39   |       -7447.36   |       -92.0316   |   05:03:39   |   13:24:33   |
13800       |       -7546.23   |        -7458.6   |        -87.622   |   05:05:41   |   13:21:51   |
13900       |        -7533.5   |       -7448.55   |       -84.9469   |   05:07:30   |   13:18:36   |


Iter        |      Posterior   |     Likelihood   |          Prior   |    elapsed   |        ETA   |
----------------------------------------------------------------------------------------------------
14000       |       -7534.92   |       -7441.13   |       -93.7867   |   05:09:28   |   13:15:46   |
14100       |       -7519.07   |       -7435.25   |       -83.8259   |   05:11:38   |   13:13:26   |
14200       |       -7547.49   |       -7448.15   |       -99.3447   |   05:13:50   |   13:11:12   |
14300       |       -7524.35   |       -7440.26   |       -84.0886   |   05:15:37   |   13:07:56   |
14400       |       -7521.01   |        -7438.4   |       -82.6153   |   05:17:38   |   13:05:15   |
14500       |       -7540.33   |       -7451.08   |        -89.249   |   05:19:30   |   13:02:13   |
14600       |       -7543.21   |       -7445.32   |       -97.8983   |   05:21:38   |   12:59:51   |
14700       |       -7528.51   |       -7441.22   |       -87.2942   |   05:23:44   |   12:57:24   |
14800       |       -7540.41   |       -7450.71   |        -89.698   |   05:25:49   |   12:54:54   |
14900       |       -7544.99   |       -7452.85   |       -92.1406   |   05:27:45   |   12:52:04   |
15000       |       -7527.59   |       -7436.56   |       -91.0267   |   05:29:48   |   12:49:32   |
15100       |       -7536.73   |       -7432.36   |       -104.369   |   05:31:45   |   12:46:45   |
15200       |       -7538.51   |        -7435.7   |       -102.809   |   05:33:43   |   12:44:02   |
15300       |       -7536.32   |       -7444.44   |       -91.8848   |   05:36:08   |   12:42:20   |
15400       |       -7536.72   |       -7445.47   |        -91.258   |   05:38:20   |   12:40:09   |
15500       |       -7532.16   |        -7438.3   |       -93.8554   |   05:40:17   |   12:37:24   |
15600       |       -7506.34   |       -7428.32   |       -78.0127   |   05:42:13   |   12:34:37   |
15700       |       -7523.49   |       -7440.62   |       -82.8758   |   05:44:05   |   12:31:43   |
15800       |       -7549.41   |       -7451.79   |       -97.6195   |   05:46:12   |   12:29:22   |
15900       |       -7535.09   |       -7446.05   |       -89.0403   |   05:48:37   |   12:27:39   |


Iter        |      Posterior   |     Likelihood   |          Prior   |    elapsed   |        ETA   |
----------------------------------------------------------------------------------------------------
16000       |       -7522.53   |       -7428.88   |       -93.6523   |   05:50:51   |   12:25:33   |
16100       |       -7531.75   |       -7448.49   |       -83.2604   |   05:53:23   |   12:24:04   |
16200       |       -7523.78   |        -7433.5   |       -90.2855   |   05:55:56   |   12:22:37   |
16300       |       -7522.77   |       -7435.75   |       -87.0216   |   05:58:11   |   12:20:32   |
16400       |       -7516.36   |       -7427.37   |       -88.9928   |   06:00:13   |   12:18:00   |
16500       |       -7525.05   |       -7438.23   |       -86.8194   |   06:02:14   |   12:15:26   |
16600       |       -7549.16   |       -7448.77   |       -100.392   |   06:04:36   |   12:13:35   |
16700       |        -7529.1   |       -7435.27   |       -93.8278   |   06:06:53   |   12:11:34   |
16800       |       -7531.68   |       -7437.31   |        -94.372   |   06:09:08   |   12:09:28   |
16900       |       -7552.39   |       -7454.79   |       -97.6021   |   06:11:39   |   12:07:54   |
17000       |       -7517.86   |       -7425.92   |       -91.9355   |   06:14:30   |   12:06:58   |
17100       |       -7544.77   |       -7460.23   |       -84.5411   |   06:17:24   |   12:06:06   |
17200       |       -7533.07   |       -7436.42   |       -96.6435   |   06:20:17   |   12:05:11   |
17300       |       -7539.18   |       -7447.09   |       -92.0944   |   06:23:08   |   12:04:11   |
17400       |       -7532.04   |          -7436   |       -96.0381   |   06:25:59   |   12:03:09   |
17500       |       -7532.96   |       -7439.44   |       -93.5177   |   06:28:51   |   12:02:09   |
17600       |       -7531.95   |       -7432.51   |        -99.442   |   06:31:39   |   12:00:59   |
17700       |       -7535.13   |       -7441.87   |       -93.2571   |   06:34:29   |   11:59:52   |
17800       |       -7531.73   |       -7460.15   |       -71.5836   |   06:37:18   |   11:58:42   |
17900       |       -7556.66   |       -7460.15   |       -96.5168   |   06:40:11   |   11:57:38   |


Iter        |      Posterior   |     Likelihood   |          Prior   |    elapsed   |        ETA   |
----------------------------------------------------------------------------------------------------
18000       |       -7538.39   |       -7449.31   |       -89.0805   |   06:42:15   |   11:55:06   |
18100       |       -7537.59   |       -7444.78   |       -92.8087   |   06:44:02   |   11:52:04   |
18200       |       -7541.66   |       -7451.21   |       -90.4495   |   06:46:00   |   11:49:23   |
18300       |       -7537.56   |       -7448.47   |       -89.0936   |   06:47:48   |   11:46:24   |
18400       |       -7538.28   |       -7445.14   |        -93.145   |   06:49:40   |   11:43:33   |
18500       |       -7547.42   |       -7446.91   |       -100.502   |   06:51:30   |   11:40:39   |
18600       |       -7548.06   |       -7437.16   |       -110.902   |   06:53:16   |   11:37:39   |
18700       |       -7535.67   |          -7441   |       -94.6675   |   06:55:04   |   11:34:44   |
18800       |       -7532.74   |       -7445.16   |       -87.5768   |   06:57:02   |   11:32:05   |
18900       |       -7536.43   |       -7431.28   |       -105.151   |   06:58:54   |   11:29:18   |
19000       |       -7523.34   |       -7434.66   |       -88.6782   |   07:01:04   |   11:27:00   |
19100       |       -7552.35   |       -7456.81   |       -95.5378   |   07:03:29   |   11:25:06   |
19200       |       -7532.87   |       -7438.52   |       -94.3499   |   07:05:56   |   11:23:16   |
19300       |       -7534.85   |       -7442.53   |       -92.3238   |   07:08:25   |   11:21:28   |
19400       |       -7527.54   |       -7435.86   |       -91.6803   |   07:10:56   |   11:19:43   |
19500       |       -7538.81   |       -7435.67   |       -103.144   |   07:13:28   |   11:17:59   |
19600       |       -7547.99   |       -7461.59   |       -86.4075   |   07:15:24   |   11:15:18   |
19700       |       -7526.01   |       -7438.17   |       -87.8424   |   07:17:13   |   11:12:28   |
19800       |        -7530.4   |       -7429.77   |       -100.637   |   07:19:02   |   11:09:38   |
19900       |       -7535.15   |        -7438.7   |       -96.4438   |   07:20:56   |   11:06:56   |


Iter        |      Posterior   |     Likelihood   |          Prior   |    elapsed   |        ETA   |
----------------------------------------------------------------------------------------------------
20000       |       -7543.39   |       -7451.36   |       -92.0294   |   07:22:45   |   11:04:07   |
20100       |       -7542.24   |       -7453.45   |        -88.788   |   07:24:42   |   11:01:31   |
20200       |       -7533.87   |       -7446.85   |       -87.0216   |   07:26:38   |   10:58:53   |
20300       |          -7542   |       -7449.14   |       -92.8598   |   07:28:36   |   10:56:19   |
20400       |       -7520.98   |       -7435.05   |       -85.9365   |   07:30:37   |   10:53:50   |
20500       |       -7539.93   |        -7459.2   |       -80.7255   |   07:32:52   |   10:51:41   |
20600       |       -7573.04   |       -7465.04   |       -107.994   |   07:35:07   |   10:49:32   |
20700       |       -7527.06   |       -7433.08   |       -93.9754   |   07:37:22   |   10:47:23   |
20800       |       -7551.08   |       -7464.28   |       -86.8006   |   07:39:33   |   10:45:08   |
20900       |       -7544.29   |       -7447.78   |        -96.501   |   07:41:44   |   10:42:53   |
21000       |       -7530.49   |        -7442.4   |       -88.0846   |   07:43:55   |   10:40:38   |
21100       |       -7535.72   |       -7436.81   |        -98.913   |   07:46:07   |   10:38:25   |
21200       |       -7563.24   |       -7458.34   |       -104.894   |   07:48:19   |   10:36:12   |
21300       |       -7542.27   |       -7450.32   |       -91.9505   |   07:50:32   |   10:34:00   |
21400       |       -7548.78   |       -7448.17   |       -100.611   |   07:52:46   |   10:31:49   |
21500       |       -7530.16   |       -7437.02   |       -93.1468   |   07:54:58   |   10:29:36   |
21600       |       -7527.31   |       -7443.64   |       -83.6769   |   07:57:10   |   10:27:23   |
21700       |       -7550.58   |       -7458.72   |       -91.8549   |   07:59:21   |   10:25:08   |
21800       |       -7547.29   |       -7443.34   |       -103.951   |   08:01:34   |   10:22:56   |
21900       |       -7541.83   |       -7435.61   |       -106.224   |   08:03:48   |   10:20:45   |


Iter        |      Posterior   |     Likelihood   |          Prior   |    elapsed   |        ETA   |
----------------------------------------------------------------------------------------------------
22000       |       -7534.25   |       -7436.79   |       -97.4583   |   08:06:01   |   10:18:34   |
22100       |       -7537.41   |       -7439.88   |       -97.5236   |   08:08:13   |   10:16:20   |
22200       |       -7558.06   |       -7470.86   |       -87.2001   |   08:10:26   |   10:14:08   |
22300       |       -7548.83   |       -7471.55   |       -77.2796   |   08:12:34   |   10:11:50   |
22400       |       -7541.89   |       -7445.05   |       -96.8491   |   08:14:28   |   10:09:15   |
22500       |       -7543.89   |       -7452.15   |        -91.737   |   08:16:24   |   10:06:42   |
22600       |       -7528.59   |       -7439.71   |       -88.8799   |   08:18:16   |   10:04:05   |
22700       |       -7545.48   |       -7446.44   |       -99.0412   |   08:20:10   |   10:01:31   |
22800       |        -7533.1   |       -7445.09   |       -88.0168   |   08:22:01   |   09:58:53   |
22900       |        -7534.2   |       -7437.92   |        -96.277   |   08:23:46   |   09:56:09   |
23000       |        -7541.8   |       -7452.47   |       -89.3304   |   08:25:32   |   09:53:27   |
23100       |       -7532.56   |       -7441.21   |       -91.3501   |   08:27:20   |   09:50:47   |
23200       |       -7553.89   |       -7461.62   |       -92.2643   |   08:29:08   |   09:48:08   |
23300       |       -7527.13   |       -7437.16   |       -89.9664   |   08:30:57   |   09:45:30   |
23400       |       -7528.06   |       -7434.85   |       -93.2163   |   08:32:42   |   09:42:48   |
23500       |       -7537.62   |       -7442.78   |       -94.8469   |   08:34:31   |   09:40:11   |
23600       |       -7545.21   |        -7445.8   |       -99.4174   |   08:36:16   |   09:37:31   |
23700       |       -7536.73   |       -7440.94   |       -95.7834   |   08:38:10   |   09:35:00   |
23800       |       -7540.22   |       -7446.89   |       -93.3302   |   08:40:18   |   09:32:46   |
23900       |       -7547.11   |       -7452.54   |       -94.5648   |   08:42:12   |   09:30:16   |


Iter        |      Posterior   |     Likelihood   |          Prior   |    elapsed   |        ETA   |
----------------------------------------------------------------------------------------------------
24000       |       -7540.59   |       -7454.85   |       -85.7456   |   08:44:07   |   09:27:47   |
24100       |       -7541.94   |       -7444.29   |       -97.6553   |   08:45:58   |   09:25:15   |
24200       |       -7527.16   |       -7438.45   |       -88.7146   |   08:47:45   |   09:22:38   |
24300       |       -7528.69   |       -7440.43   |       -88.2632   |   08:49:41   |   09:20:12   |
24400       |       -7519.76   |       -7442.28   |       -77.4826   |   08:51:34   |   09:17:42   |
24500       |       -7544.57   |       -7446.49   |       -98.0781   |   08:53:24   |   09:15:10   |
24600       |       -7535.45   |        -7432.4   |       -103.057   |   08:55:20   |   09:12:44   |
24700       |       -7536.28   |       -7442.76   |       -93.5249   |   08:57:10   |   09:10:12   |
24800       |        -7532.1   |       -7446.68   |       -85.4176   |   08:58:54   |   09:07:35   |
24900       |       -7534.29   |       -7441.24   |       -93.0461   |   09:00:47   |   09:05:07   |
25000       |       -7550.63   |       -7464.59   |       -86.0367   |   09:02:47   |   09:02:47   |
25100       |       -7548.29   |       -7450.64   |       -97.6472   |   09:04:38   |   09:00:17   |
25200       |       -7538.85   |       -7440.57   |       -98.2793   |   09:06:22   |   08:57:41   |
25300       |       -7523.83   |       -7435.55   |       -88.2786   |   09:08:15   |   08:55:14   |
25400       |       -7534.53   |       -7455.91   |       -78.6229   |   09:10:12   |   08:52:52   |
25500       |       -7527.65   |        -7421.5   |       -106.144   |   09:12:05   |   08:50:25   |
25600       |       -7534.53   |        -7437.9   |       -96.6308   |   09:13:54   |   08:47:56   |
25700       |       -7518.96   |       -7433.83   |       -85.1271   |   09:15:52   |   08:45:35   |
25800       |       -7549.27   |          -7450   |       -99.2717   |   09:17:46   |   08:43:10   |
25900       |        -7551.7   |        -7450.9   |       -100.794   |   09:19:41   |   08:40:47   |


Iter        |      Posterior   |     Likelihood   |          Prior   |    elapsed   |        ETA   |
----------------------------------------------------------------------------------------------------
26000       |       -7540.11   |        -7438.3   |       -101.813   |   09:21:34   |   08:38:22   |
26100       |        -7547.2   |       -7453.65   |       -93.5539   |   09:23:25   |   08:35:55   |
26200       |       -7547.94   |       -7450.96   |        -96.973   |   09:25:17   |   08:33:30   |
26300       |       -7544.09   |       -7446.44   |        -97.648   |   09:27:09   |   08:31:04   |
26400       |       -7529.43   |       -7441.55   |       -87.8827   |   09:29:02   |   08:28:40   |
26500       |       -7544.35   |       -7447.12   |       -97.2334   |   09:30:56   |   08:26:17   |
26600       |       -7524.82   |       -7430.65   |       -94.1694   |   09:32:45   |   08:23:50   |
26700       |       -7538.27   |       -7441.64   |        -96.627   |   09:34:35   |   08:21:24   |
26800       |       -7540.73   |       -7437.47   |       -103.262   |   09:36:24   |   08:18:58   |
26900       |       -7528.24   |       -7430.98   |       -97.2641   |   09:38:22   |   08:16:39   |
27000       |       -7537.85   |       -7450.82   |       -87.0321   |   09:40:18   |   08:14:19   |
27100       |       -7535.28   |       -7436.74   |       -98.5339   |   09:42:14   |   08:11:59   |
27200       |       -7529.56   |       -7437.11   |         -92.45   |   09:44:13   |   08:09:42   |
27300       |       -7544.61   |       -7450.06   |       -94.5525   |   09:46:10   |   08:07:23   |
27400       |       -7526.28   |       -7440.99   |       -85.2897   |   09:48:06   |   08:05:04   |
27500       |       -7531.43   |        -7436.2   |       -95.2302   |   09:50:03   |   08:02:46   |
27600       |       -7528.79   |       -7443.03   |       -85.7606   |   09:51:59   |   08:00:27   |
27700       |        -7547.1   |       -7454.18   |       -92.9148   |   09:53:55   |   07:58:08   |
27800       |       -7535.88   |       -7442.49   |       -93.3953   |   09:55:46   |   07:55:45   |
27900       |       -7540.76   |       -7448.05   |       -92.7093   |   09:57:31   |   07:53:18   |


Iter        |      Posterior   |     Likelihood   |          Prior   |    elapsed   |        ETA   |
----------------------------------------------------------------------------------------------------
28000       |       -7523.08   |        -7426.5   |        -96.582   |   09:59:24   |   07:50:57   |
28100       |        -7527.6   |       -7437.43   |         -90.17   |   10:01:21   |   07:48:40   |
28200       |       -7537.13   |       -7451.62   |       -85.5069   |   10:03:13   |   07:46:18   |
28300       |       -7543.96   |       -7448.06   |       -95.8969   |   10:05:07   |   07:43:59   |
28400       |       -7531.86   |       -7443.07   |       -88.7883   |   10:07:01   |   07:41:40   |
28500       |       -7551.65   |       -7461.74   |       -89.9092   |   10:09:02   |   07:39:26   |
28600       |       -7541.73   |       -7455.78   |       -85.9565   |   10:11:41   |   07:37:41   |
28700       |       -7541.59   |       -7449.97   |       -91.6251   |   10:14:21   |   07:35:56   |
28800       |       -7549.69   |       -7457.25   |       -92.4372   |   10:17:00   |   07:34:10   |
28900       |       -7524.42   |       -7437.41   |       -87.0131   |   10:19:39   |   07:32:24   |
29000       |       -7515.91   |        -7430.6   |        -85.315   |   10:22:11   |   07:30:32   |
29100       |       -7535.09   |        -7443.7   |       -91.3949   |   10:24:46   |   07:28:42   |
29200       |       -7522.58   |       -7435.05   |        -87.531   |   10:27:06   |   07:26:42   |
29300       |       -7535.11   |       -7443.62   |       -91.4942   |   10:29:36   |   07:24:48   |
29400       |       -7522.79   |       -7429.16   |       -93.6262   |   10:32:04   |   07:22:52   |
29500       |       -7544.23   |       -7451.54   |       -92.6886   |   10:34:39   |   07:21:01   |
29600       |       -7568.13   |       -7464.31   |       -103.818   |   10:37:14   |   07:19:10   |
29700       |       -7533.52   |       -7442.08   |       -91.4457   |   10:39:52   |   07:17:20   |
29800       |       -7543.31   |       -7439.82   |       -103.496   |   10:42:31   |   07:15:31   |
29900       |       -7524.27   |       -7438.26   |       -86.0117   |   10:44:59   |   07:13:35   |


Iter        |      Posterior   |     Likelihood   |          Prior   |    elapsed   |        ETA   |
----------------------------------------------------------------------------------------------------
30000       |       -7530.94   |       -7433.55   |       -97.3864   |   10:47:20   |   07:11:33   |
30100       |       -7537.01   |       -7447.78   |       -89.2376   |   10:49:58   |   07:09:42   |
30200       |        -7541.2   |       -7446.29   |       -94.9059   |   10:52:34   |   07:07:50   |
30300       |       -7546.94   |       -7449.66   |        -97.284   |   10:55:08   |   07:05:56   |
30400       |       -7528.89   |       -7442.73   |       -86.1686   |   10:57:43   |   07:04:03   |
30500       |       -7542.62   |       -7449.31   |       -93.3031   |   11:00:07   |   07:02:02   |
30600       |       -7532.56   |        -7443.9   |       -88.6653   |   11:02:25   |   06:59:57   |
30700       |       -7536.09   |       -7436.27   |       -99.8165   |   11:04:20   |   06:57:38   |
30800       |       -7538.44   |       -7446.54   |       -91.8982   |   11:06:25   |   06:55:25   |
30900       |       -7532.16   |       -7444.97   |       -87.1897   |   11:08:20   |   06:53:06   |
31000       |       -7523.43   |       -7442.65   |       -80.7775   |   11:10:18   |   06:50:49   |
31100       |       -7554.58   |       -7460.51   |       -94.0678   |   11:12:16   |   06:48:32   |
31200       |       -7530.72   |       -7430.42   |       -100.293   |   11:14:06   |   06:46:11   |
31300       |       -7530.63   |        -7438.7   |       -91.9282   |   11:15:50   |   06:43:46   |
31400       |       -7507.76   |       -7425.76   |       -81.9978   |   11:17:41   |   06:41:25   |
31500       |       -7515.76   |       -7435.72   |       -80.0385   |   11:19:31   |   06:39:04   |
31600       |       -7534.78   |       -7437.47   |       -97.3179   |   11:21:18   |   06:36:42   |
31700       |       -7532.26   |       -7446.69   |       -85.5667   |   11:23:17   |   06:34:27   |
31800       |       -7530.33   |       -7444.35   |       -85.9778   |   11:25:04   |   06:32:04   |
31900       |       -7535.38   |       -7446.87   |       -88.5041   |   11:26:54   |   06:29:44   |


Iter        |      Posterior   |     Likelihood   |          Prior   |    elapsed   |        ETA   |
----------------------------------------------------------------------------------------------------
32000       |       -7525.92   |        -7430.7   |       -95.2199   |   11:28:56   |   06:27:31   |
32100       |       -7547.51   |        -7443.8   |       -103.714   |   11:31:32   |   06:25:37   |
32200       |       -7532.41   |        -7450.1   |       -82.3144   |   11:34:01   |   06:23:38   |
32300       |       -7525.63   |       -7443.85   |       -81.7791   |   11:36:30   |   06:21:40   |
32400       |       -7530.35   |       -7436.22   |       -94.1247   |   11:38:23   |   06:19:22   |
32500       |       -7531.61   |       -7435.04   |       -96.5629   |   11:40:14   |   06:17:02   |
32600       |       -7540.38   |        -7437.3   |       -103.077   |   11:42:07   |   06:14:44   |
32700       |        -7549.2   |       -7461.79   |       -87.4054   |   11:44:06   |   06:12:30   |
32800       |       -7524.71   |       -7428.48   |       -96.2303   |   11:45:56   |   06:10:11   |
32900       |       -7522.47   |       -7434.33   |       -88.1455   |   11:47:51   |   06:07:54   |
33000       |       -7539.77   |       -7450.32   |       -89.4462   |   11:49:44   |   06:05:37   |
33100       |        -7533.9   |       -7446.22   |       -87.6777   |   11:51:31   |   06:03:16   |
33200       |       -7521.94   |       -7442.97   |       -78.9707   |   11:53:24   |   06:00:59   |
33300       |       -7537.71   |       -7450.48   |        -87.235   |   11:55:19   |   05:58:43   |
33400       |          -7534   |       -7448.72   |       -85.2779   |   11:57:13   |   05:56:27   |
33500       |       -7523.32   |       -7440.15   |       -83.1701   |   11:59:10   |   05:54:12   |
33600       |       -7531.88   |       -7437.71   |       -94.1651   |   12:01:08   |   05:51:58   |
33700       |       -7524.06   |       -7435.33   |       -88.7255   |   12:03:03   |   05:49:43   |
33800       |       -7536.64   |       -7453.57   |       -83.0684   |   12:05:30   |   05:47:43   |
33900       |       -7530.68   |       -7441.78   |       -88.9024   |   12:07:33   |   05:45:31   |


Iter        |      Posterior   |     Likelihood   |          Prior   |    elapsed   |        ETA   |
----------------------------------------------------------------------------------------------------
34000       |       -7553.34   |       -7459.21   |       -94.1334   |   12:09:26   |   05:43:15   |
34100       |       -7533.22   |       -7443.96   |       -89.2641   |   12:11:23   |   05:41:01   |
34200       |       -7527.26   |       -7443.16   |       -84.0998   |   12:13:09   |   05:38:42   |
34300       |        -7538.1   |       -7441.18   |       -96.9224   |   12:15:05   |   05:36:28   |
34400       |        -7529.4   |       -7433.43   |       -95.9658   |   12:16:56   |   05:34:11   |
34500       |       -7535.75   |       -7443.54   |       -92.2073   |   12:18:54   |   05:31:58   |
34600       |       -7542.07   |       -7442.49   |       -99.5862   |   12:20:44   |   05:29:41   |
34700       |       -7528.22   |       -7443.35   |       -84.8761   |   12:22:37   |   05:27:26   |
34800       |       -7558.58   |       -7446.46   |       -112.128   |   12:24:23   |   05:25:07   |
34900       |       -7539.35   |       -7446.57   |       -92.7827   |   12:26:13   |   05:22:51   |
35000       |       -7535.08   |       -7437.54   |       -97.5359   |   12:28:08   |   05:20:37   |
35100       |       -7530.67   |       -7441.09   |       -89.5746   |   12:30:02   |   05:18:23   |
35200       |       -7526.82   |       -7439.54   |       -87.2806   |   12:32:09   |   05:16:14   |
35300       |       -7530.35   |       -7437.12   |       -93.2302   |   12:34:40   |   05:14:15   |
35400       |       -7524.98   |       -7434.83   |       -90.1498   |   12:37:12   |   05:12:17   |
35500       |       -7533.33   |       -7451.69   |       -81.6393   |   12:39:45   |   05:10:19   |
35600       |       -7536.82   |       -7443.09   |       -93.7308   |   12:42:18   |   05:08:20   |
35700       |       -7538.93   |       -7444.41   |       -94.5267   |   12:44:55   |   05:06:23   |
35800       |       -7536.45   |       -7440.92   |       -95.5305   |   12:47:25   |   05:04:23   |
35900       |       -7539.86   |       -7438.76   |       -101.099   |   12:49:54   |   05:02:23   |


Iter        |      Posterior   |     Likelihood   |          Prior   |    elapsed   |        ETA   |
----------------------------------------------------------------------------------------------------
36000       |       -7547.69   |       -7451.21   |       -96.4816   |   12:52:29   |   05:00:24   |
36100       |       -7564.57   |       -7461.81   |        -102.76   |   12:55:08   |   04:58:27   |
36200       |       -7524.02   |       -7432.81   |       -91.2159   |   12:57:29   |   04:56:23   |
36300       |       -7537.39   |       -7440.34   |       -97.0499   |   12:59:28   |   04:54:10   |
36400       |       -7526.79   |       -7435.83   |       -90.9544   |   13:01:23   |   04:51:56   |
36500       |       -7533.51   |       -7437.83   |       -95.6767   |   13:03:18   |   04:49:42   |
36600       |       -7548.18   |       -7450.25   |       -97.9313   |   13:05:13   |   04:47:29   |
36700       |       -7524.05   |       -7427.54   |       -96.5131   |   13:07:06   |   04:45:14   |
36800       |        -7536.5   |        -7437.3   |       -99.1993   |   13:09:02   |   04:43:01   |
36900       |       -7534.58   |       -7449.98   |       -84.6067   |   13:10:57   |   04:40:47   |
37000       |       -7544.03   |       -7448.19   |       -95.8347   |   13:12:55   |   04:38:35   |
37100       |       -7529.43   |       -7431.13   |       -98.3035   |   13:14:48   |   04:36:21   |
37200       |       -7526.23   |       -7439.18   |       -87.0535   |   13:17:03   |   04:34:15   |
37300       |       -7541.31   |       -7448.89   |       -92.4238   |   13:19:43   |   04:32:17   |
37400       |        -7530.3   |       -7438.29   |       -92.0091   |   13:22:20   |   04:30:18   |
37500       |       -7552.42   |       -7448.96   |       -103.457   |   13:24:30   |   04:28:10   |
37600       |       -7547.63   |       -7451.37   |       -96.2571   |   13:26:36   |   04:26:00   |
37700       |       -7549.82   |          -7458   |       -91.8257   |   13:28:45   |   04:23:51   |
37800       |       -7555.95   |        -7470.6   |       -85.3571   |   13:31:03   |   04:21:46   |
37900       |        -7527.2   |       -7438.97   |       -88.2274   |   13:33:40   |   04:19:46   |


Iter        |      Posterior   |     Likelihood   |          Prior   |    elapsed   |        ETA   |
----------------------------------------------------------------------------------------------------
38000       |       -7532.81   |       -7439.43   |       -93.3848   |   13:35:54   |   04:17:39   |
38100       |       -7550.77   |       -7449.99   |       -100.778   |   13:37:51   |   04:15:26   |
38200       |        -7533.1   |        -7445.1   |       -87.9944   |   13:39:47   |   04:13:13   |
38300       |       -7543.67   |       -7452.13   |       -91.5456   |   13:41:42   |   04:11:00   |
38400       |        -7531.4   |       -7437.66   |       -93.7338   |   13:43:38   |   04:08:48   |
38500       |       -7547.66   |       -7451.19   |       -96.4716   |   13:45:30   |   04:06:34   |
38600       |       -7534.58   |       -7444.49   |       -90.0861   |   13:47:20   |   04:04:20   |
38700       |       -7540.64   |       -7440.02   |       -100.621   |   13:49:18   |   04:02:08   |
38800       |       -7516.76   |       -7423.21   |       -93.5472   |   13:51:10   |   03:59:55   |
38900       |       -7530.84   |       -7443.36   |       -87.4724   |   13:53:02   |   03:57:42   |
39000       |        -7513.1   |       -7424.87   |       -88.2317   |   13:54:55   |   03:55:29   |
39100       |       -7530.29   |       -7447.11   |       -83.1786   |   13:56:50   |   03:53:17   |
39200       |       -7529.18   |       -7438.03   |       -91.1532   |   13:58:38   |   03:51:03   |
39300       |       -7554.41   |       -7458.31   |       -96.1065   |   14:00:31   |   03:48:50   |
39400       |       -7546.12   |       -7449.18   |       -96.9324   |   14:02:23   |   03:46:37   |
39500       |       -7535.42   |       -7444.63   |       -90.7907   |   14:04:17   |   03:44:25   |
39600       |       -7522.72   |       -7433.23   |       -89.4951   |   14:06:14   |   03:42:14   |
39700       |       -7534.49   |        -7451.1   |       -83.3824   |   14:08:09   |   03:40:02   |
39800       |        -7553.9   |       -7453.92   |       -99.9784   |   14:10:04   |   03:37:51   |
39900       |       -7526.94   |       -7437.36   |       -89.5865   |   14:11:55   |   03:35:38   |


Iter        |      Posterior   |     Likelihood   |          Prior   |    elapsed   |        ETA   |
----------------------------------------------------------------------------------------------------
40000       |       -7546.62   |       -7447.88   |       -98.7485   |   14:13:46   |   03:33:26   |
40100       |       -7539.85   |        -7451.4   |       -88.4525   |   14:15:39   |   03:31:14   |
40200       |       -7529.34   |       -7436.64   |       -92.7062   |   14:17:30   |   03:29:02   |
40300       |        -7556.2   |       -7450.18   |       -106.017   |   14:19:28   |   03:26:52   |
40400       |       -7549.46   |        -7452.7   |       -96.7594   |   14:21:23   |   03:24:41   |
40500       |       -7531.51   |       -7440.42   |       -91.0884   |   14:23:28   |   03:22:32   |
40600       |       -7524.38   |       -7428.56   |       -95.8245   |   14:26:00   |   03:20:30   |
40700       |       -7552.94   |       -7454.62   |       -98.3262   |   14:28:22   |   03:18:25   |
40800       |       -7524.21   |       -7437.92   |       -86.2966   |   14:30:57   |   03:16:23   |
40900       |       -7551.37   |       -7440.82   |       -110.549   |   14:33:30   |   03:14:20   |
41000       |       -7518.68   |       -7434.36   |       -84.3169   |   14:36:05   |   03:12:18   |
41100       |       -7537.92   |       -7443.71   |       -94.2094   |   14:38:37   |   03:10:15   |
41200       |       -7549.11   |       -7457.36   |       -91.7549   |   14:41:00   |   03:08:10   |
41300       |       -7537.83   |        -7446.4   |       -91.4269   |   14:43:29   |   03:06:06   |
41400       |       -7526.99   |       -7438.11   |       -88.8805   |   14:46:03   |   03:04:03   |
41500       |       -7514.54   |       -7429.38   |       -85.1546   |   14:48:39   |   03:02:00   |
41600       |       -7534.59   |       -7432.78   |       -101.813   |   14:51:13   |   02:59:57   |
41700       |       -7535.99   |        -7434.6   |       -101.387   |   14:53:50   |   02:57:54   |
41800       |       -7524.31   |       -7432.23   |       -92.0792   |   14:56:24   |   02:55:50   |
41900       |       -7526.95   |       -7442.96   |       -83.9922   |   14:58:56   |   02:53:46   |


Iter        |      Posterior   |     Likelihood   |          Prior   |    elapsed   |        ETA   |
----------------------------------------------------------------------------------------------------
42000       |       -7526.17   |       -7440.85   |       -85.3224   |   15:01:08   |   02:51:38   |
42100       |       -7548.41   |       -7441.58   |       -106.825   |   15:03:33   |   02:49:32   |
42200       |       -7532.78   |       -7437.09   |        -95.695   |   15:06:06   |   02:47:28   |
42300       |       -7522.09   |       -7424.67   |       -97.4112   |   15:08:31   |   02:45:22   |
42400       |       -7531.63   |       -7433.33   |       -98.2979   |   15:10:43   |   02:43:14   |
42500       |        -7548.4   |       -7456.79   |       -91.6109   |   15:13:08   |   02:41:08   |
42600       |       -7556.14   |       -7459.99   |        -96.149   |   15:15:44   |   02:39:04   |
42700       |       -7526.85   |       -7435.42   |       -91.4305   |   15:18:03   |   02:36:57   |
42800       |        -7529.4   |       -7439.72   |       -89.6785   |   15:20:33   |   02:34:51   |
42900       |       -7527.25   |       -7442.62   |       -84.6315   |   15:22:51   |   02:32:43   |
43000       |       -7549.14   |       -7449.92   |        -99.225   |   15:25:23   |   02:30:38   |
43100       |       -7529.41   |       -7431.99   |        -97.423   |   15:27:56   |   02:28:33   |
43200       |       -7529.42   |       -7437.57   |       -91.8466   |   15:30:31   |   02:26:28   |
43300       |       -7530.99   |       -7429.35   |       -101.635   |   15:33:06   |   02:24:22   |
43400       |       -7530.77   |       -7438.62   |       -92.1496   |   15:35:41   |   02:22:17   |
43500       |       -7538.68   |       -7450.51   |       -88.1616   |   15:38:16   |   02:20:12   |
43600       |       -7536.75   |       -7437.33   |       -99.4137   |   15:40:46   |   02:18:05   |
43700       |       -7544.28   |       -7460.55   |       -83.7353   |   15:43:11   |   02:15:58   |
43800       |       -7559.04   |        -7460.5   |       -98.5451   |   15:45:40   |   02:13:51   |
43900       |       -7547.69   |       -7450.49   |        -97.197   |   15:48:15   |   02:11:45   |


Iter        |      Posterior   |     Likelihood   |          Prior   |    elapsed   |        ETA   |
----------------------------------------------------------------------------------------------------
44000       |       -7543.21   |       -7446.17   |       -97.0375   |   15:50:38   |   02:09:37   |
44100       |       -7517.22   |       -7426.34   |       -90.8732   |   15:52:49   |   02:07:28   |
44200       |       -7545.74   |       -7463.23   |       -82.5134   |   15:55:01   |   02:05:19   |
44300       |       -7523.87   |       -7431.78   |       -92.0975   |   15:57:29   |   02:03:11   |
44400       |       -7535.44   |       -7434.67   |        -100.77   |   16:00:04   |   02:01:05   |
44500       |       -7545.16   |       -7451.15   |       -94.0154   |   16:02:38   |   01:58:58   |
44600       |       -7545.66   |       -7445.41   |       -100.249   |   16:05:11   |   01:56:51   |
44700       |       -7534.99   |       -7435.71   |       -99.2751   |   16:07:45   |   01:54:44   |
44800       |       -7538.57   |        -7441.8   |       -96.7666   |   16:10:13   |   01:52:36   |
44900       |       -7540.46   |       -7442.19   |       -98.2643   |   16:12:33   |   01:50:28   |
45000       |       -7534.05   |       -7433.66   |       -100.394   |   16:15:07   |   01:48:20   |
45100       |       -7523.02   |       -7427.96   |       -95.0614   |   16:17:41   |   01:46:13   |
45200       |        -7526.5   |        -7433.4   |       -93.0973   |   16:20:18   |   01:44:06   |
45300       |       -7538.24   |       -7448.45   |       -89.7875   |   16:22:47   |   01:41:57   |
45400       |       -7540.67   |       -7443.84   |       -96.8298   |   16:24:50   |   01:39:47   |
45500       |        -7546.6   |       -7445.27   |       -101.333   |   16:26:47   |   01:37:35   |
45600       |       -7527.65   |       -7429.22   |        -98.435   |   16:28:45   |   01:35:24   |
45700       |        -7515.5   |       -7432.91   |       -82.5881   |   16:30:40   |   01:33:12   |
45800       |       -7523.82   |       -7439.52   |       -84.2958   |   16:32:35   |   01:31:01   |
45900       |       -7563.01   |       -7458.97   |       -104.043   |   16:34:34   |   01:28:50   |


Iter        |      Posterior   |     Likelihood   |          Prior   |    elapsed   |        ETA   |
----------------------------------------------------------------------------------------------------
46000       |       -7518.91   |       -7422.94   |       -95.9713   |   16:36:34   |   01:26:39   |
46100       |        -7526.8   |       -7433.63   |       -93.1699   |   16:38:37   |   01:24:28   |
46200       |       -7535.98   |        -7449.5   |       -86.4773   |   16:41:05   |   01:22:20   |
46300       |        -7547.8   |       -7448.34   |       -99.4582   |   16:43:16   |   01:20:10   |
46400       |       -7543.28   |       -7443.78   |       -99.4969   |   16:45:28   |   01:18:00   |
46500       |       -7552.33   |       -7446.84   |       -105.493   |   16:47:58   |   01:15:52   |
46600       |       -7518.63   |       -7427.87   |       -90.7548   |   16:50:34   |   01:13:43   |
46700       |       -7535.23   |       -7443.87   |       -91.3566   |   16:52:40   |   01:11:33   |
46800       |       -7553.63   |       -7444.78   |       -108.844   |   16:54:34   |   01:09:22   |
46900       |       -7530.79   |       -7437.54   |       -93.2491   |   16:56:30   |   01:07:11   |
47000       |       -7537.12   |       -7435.75   |       -101.363   |   16:58:21   |   01:05:00   |
47100       |       -7539.47   |       -7443.33   |       -96.1409   |   17:00:16   |   01:02:49   |
47200       |       -7536.26   |       -7431.61   |        -104.65   |   17:02:10   |   01:00:38   |
47300       |       -7532.85   |       -7440.28   |       -92.5688   |   17:04:01   |   00:58:27   |
47400       |       -7522.09   |       -7436.26   |       -85.8335   |   17:05:56   |   00:56:16   |
47500       |       -7513.32   |       -7426.65   |       -86.6707   |   17:07:53   |   00:54:05   |
47600       |       -7538.07   |       -7450.26   |       -87.8115   |   17:09:50   |   00:51:55   |
47700       |       -7530.37   |       -7437.26   |       -93.1032   |   17:11:46   |   00:49:44   |
47800       |       -7539.52   |       -7459.78   |       -79.7398   |   17:13:33   |   00:47:34   |
47900       |       -7537.39   |        -7447.4   |       -89.9938   |   17:15:21   |   00:45:23   |


Iter        |      Posterior   |     Likelihood   |          Prior   |    elapsed   |        ETA   |
----------------------------------------------------------------------------------------------------
48000       |       -7524.56   |       -7432.58   |       -91.9818   |   17:17:11   |   00:43:12   |
48100       |       -7538.68   |       -7442.41   |        -96.271   |   17:19:07   |   00:41:02   |
48200       |       -7549.27   |       -7447.91   |        -101.36   |   17:21:07   |   00:38:52   |
48300       |       -7537.79   |       -7441.18   |       -96.6116   |   17:23:27   |   00:36:43   |
48400       |        -7539.7   |       -7440.21   |       -99.4893   |   17:26:04   |   00:34:34   |
48500       |        -7542.6   |       -7431.84   |       -110.757   |   17:28:27   |   00:32:25   |
48600       |       -7514.84   |       -7430.65   |       -84.1882   |   17:30:56   |   00:30:16   |
48700       |       -7517.36   |       -7422.51   |       -94.8414   |   17:33:20   |   00:28:07   |
48800       |       -7523.49   |       -7433.17   |       -90.3201   |   17:35:56   |   00:25:57   |
48900       |       -7532.57   |       -7442.05   |       -90.5218   |   17:38:20   |   00:23:48   |
49000       |       -7537.88   |        -7442.3   |       -95.5791   |   17:40:32   |   00:21:38   |
49100       |       -7553.27   |       -7451.02   |       -102.248   |   17:42:35   |   00:19:28   |
49200       |       -7543.38   |       -7443.53   |       -99.8462   |   17:44:31   |   00:17:18   |
49300       |       -7522.18   |       -7434.68   |       -87.5002   |   17:46:21   |   00:15:08   |
49400       |       -7550.57   |       -7447.37   |       -103.199   |   17:48:12   |   00:12:58   |
49500       |       -7527.28   |       -7434.09   |       -93.1876   |   17:50:03   |   00:10:48   |
49600       |       -7542.67   |        -7447.7   |       -94.9725   |   17:51:54   |   00:08:38   |
49700       |       -7531.79   |       -7439.95   |       -91.8464   |   17:54:03   |   00:06:28   |
49800       |       -7529.71   |       -7433.17   |       -96.5354   |   17:56:14   |   00:04:19   |
49900       |        -7535.7   |       -7450.93   |       -84.7733   |   17:58:24   |   00:02:09   |


Iter        |      Posterior   |     Likelihood   |          Prior   |    elapsed   |        ETA   |
----------------------------------------------------------------------------------------------------
50000       |       -7524.53   |        -7423.5   |       -101.026   |   18:00:33   |   00:00:00   |
   Error:	Could not find filename: rhinos_unrooted.trees
   Could not read file named "rhinos_unrooted.trees" in directory named "/cluster/projects/nn9883k/projects/rhinos/Rhino---Phylogeny/output" because the file
   does not exist
   Error:	Problem processing line 28 in file "scripts/mcmc_unrooted_morph_rhinos.Rev"
> 
Job 15651643 consumed 18.0 billing hours from project nn9883k.

Submitted 2025-08-02T11:46:58; waited 1.0 seconds in the queue after becoming eligible to run.

Requested wallclock time: 7.0 days
Elapsed wallclock time:   18.0 hours

Job exited normally.

Task and CPU statistics:
ID              CPUs  Tasks  CPU util                Start  Elapsed  Exit status
15651643           1            0.0 %  2025-08-02T11:46:59   18.0 h  0
15651643.batch     1      1    99.6 %  2025-08-02T11:46:59   18.0 h  0

Used CPU time:   17.9 CPU hours
Unused CPU time: 4.6 CPU minutes

Memory statistics, in GiB:
ID               Alloc   Usage
15651643           4.0        
15651643.batch     4.0     0.3

Job 15651643 completed at Sun Aug 3 05:47:40 CEST 2025
